// Jest Snapshot v1, https://goo.gl/fbAQLP

exports[`ArtistQuestionScreen is rendered correctly 1`] = `
<section
  className="game__screen"
>
  <h2
    className="game__title"
  >
    Кто исполняет эту песню?
  </h2>
  <div
    className="game__track"
  >
    <div
      className="track"
    />
  </div>
  <form
    className="game__artist"
  >
    <div
      className="artist"
    >
      <input
        className="artist__input visually-hidden"
        id="variant-0"
        name="artistAnswer"
        onChange={[Function]}
        type="radio"
        value="variant-0"
      />
      <label
        className="artist__name"
        htmlFor="variant-0"
      >
        <img
          alt="Jim Bim"
          className="artist__picture"
          src="https://api.adorable.io/avatars/128/0"
        />
        Jim Bim
      </label>
    </div>
    <div
      className="artist"
    >
      <input
        className="artist__input visually-hidden"
        id="variant-1"
        name="artistAnswer"
        onChange={[Function]}
        type="radio"
        value="variant-1"
      />
      <label
        className="artist__name"
        htmlFor="variant-1"
      >
        <img
          alt="Billy Bob"
          className="artist__picture"
          src="https://api.adorable.io/avatars/128/1"
        />
        Billy Bob
      </label>
    </div>
    <div
      className="artist"
    >
      <input
        className="artist__input visually-hidden"
        id="variant-2"
        name="artistAnswer"
        onChange={[Function]}
        type="radio"
        value="variant-2"
      />
      <label
        className="artist__name"
        htmlFor="variant-2"
      >
        <img
          alt="Ada Lovelace"
          className="artist__picture"
          src="https://api.adorable.io/avatars/128/2"
        />
        Ada Lovelace
      </label>
    </div>
  </form>
</section>
`;
